// Vitest Snapshot v1, https://vitest.dev/guide/snapshot.html

exports[`sum for snapshots 1`] = `3`;
